============================================================
数据加载中（单文件模式）...
============================================================
  文件: sample_data.xlsx, Sheets: ['冬季', '春季']
  冬季: (9, 28), 春季: (9, 28)

  气相变量(6): ['CH4平均值', 'N2O平均值', 'CO2', 'VOCs(ppb)', 'O2(%vol)', 'H2S']
  液相变量(13): ['DO(mg/L)', 'pH', '液温', '电导率(uS/cm)', 'TOC（mg/L)', 'TC(mg/L)', 'IC(mg/L)', 'COD（mg/L)', '总氮（mg/L)', '总磷（mg/L)', '铵态氮（mg/L)', '硝态氮（mg/L)', 'NaCl(mg/L)']
  固相变量(5): ['固总碳（g/kg)', '有机碳（g/kg)', '无机碳（g/kg)', 'DOC(mg/kg)', '全磷（g/kg)']
  样本数: 18, 季节: {'冬季': 9, '春季': 9}
[绘图风格] 学术绘图模板已加载
[字体配置] 中文字体: Microsoft YaHei (C:\WINDOWS\Fonts\msyh.ttc)
  警告: 相态数据不足，跳过饼图
  警告: TOC（mg/L) vs CH4平均值 回归失败: [Errno 2] No such file or directory: 'C:\\Users\\赵华华\\Downloads\\python-sdk-master\\analysis_output\\regression_TOC（mg/L)_CH4平均值.png'
  警告: TOC（mg/L) vs CO2 回归失败: [Errno 2] No such file or directory: 'C:\\Users\\赵华华\\Downloads\\python-sdk-master\\analysis_output\\regression_TOC（mg/L)_CO2.png'
  警告: DO(mg/L) vs CH4平均值 回归失败: [Errno 2] No such file or directory: 'C:\\Users\\赵华华\\Downloads\\python-sdk-master\\analysis_output\\regression_DO(mg/L)_CH4平均值.png'
  警告: COD（mg/L) vs CH4平均值 回归失败: [Errno 2] No such file or directory: 'C:\\Users\\赵华华\\Downloads\\python-sdk-master\\analysis_output\\regression_COD（mg/L)_CH4平均值.png'
  警告: TOC（mg/L) vs 总氮（mg/L) 回归失败: [Errno 2] No such file or directory: 'C:\\Users\\赵华华\\Downloads\\python-sdk-master\\analysis_output\\regression_TOC（mg/L)_总氮（mg/L).png'
  警告: 铵态氮（mg/L) vs CH4平均值 回归失败: [Errno 2] No such file or directory: 'C:\\Users\\赵华华\\Downloads\\python-sdk-master\\analysis_output\\regression_铵态氮（mg/L)_CH4平均值.png'
  警告: PCA数据不足(需要≥5行)
  警告: HCA有效样本不足
  警告: 相态数据不足，跳过饼图
  图表: 11张
============================================================
  PaperOrchestrator — 灵活编排
  步骤: 34个
============================================================

[1/34] 并行执行 2 个步骤: ['writer_intro', 'writer_methods']
  writer_intro 完成 (1546 字)
  writer_methods 完成 (970 字)

[3/34] 并行执行 5 个步骤: ['citation_audit', 'revision_audit', 'deep_imitation', 'integrity_audit', 'artifact_check']
  revision_audit — 跳过 (缺少: ['sections(revised)'])
  citation_audit 完成
  deep_imitation 完成 (1514 字)
  artifact_check 完成
  integrity_audit 完成

[8/34] 初始化知识记忆...
  完成

[9/34] 加载数据...
============================================================
数据加载中（单文件模式）...
============================================================
  文件: sample_data.xlsx, Sheets: ['冬季', '春季']
  冬季: (9, 28), 春季: (9, 28)

  气相变量(6): ['CH4平均值', 'N2O平均值', 'CO2', 'VOCs(ppb)', 'O2(%vol)', 'H2S']
  液相变量(13): ['DO(mg/L)', 'pH', '液温', '电导率(uS/cm)', 'TOC（mg/L)', 'TC(mg/L)', 'IC(mg/L)', 'COD（mg/L)', '总氮（mg/L)', '总磷（mg/L)', '铵态氮（mg/L)', '硝态氮（mg/L)', 'NaCl(mg/L)']
  固相变量(5): ['固总碳（g/kg)', '有机碳（g/kg)', '无机碳（g/kg)', 'DOC(mg/kg)', '全磷（g/kg)']
  样本数: 18, 季节: {'冬季': 9, '春季': 9}
  完成

[10/34] 数据探索...

============================================================
  数据探索 — 让数据说话
============================================================

[探索1] 分布特征...

[探索2] 异常值检测...
  [!] 铵态氮（mg/L): 3个异常值
  [!] 无机碳（g/kg): 3个异常值
  [!] 气温（℃）: 3个异常值

[探索3] 相关性发现...
  [!] CH4平均值 vs CO2: r=0.448, p=0.0623(接近显著) (接近显著)
  [!] CH4平均值 vs O2(%vol): r=0.428, p=0.0767(接近显著) (接近显著)
  [!] CH4平均值 vs TC(mg/L): r=0.402, p=0.0986(接近显著) (接近显著)
  [!!] CH4平均值 vs 总磷（mg/L): r=0.522, p=0.0262*
  [!!] CH4平均值 vs 铵态氮（mg/L): r=-0.482, p=0.0427*
  [!] CH4平均值 vs NaCl(mg/L): r=-0.424, p=0.0795(接近显著) (接近显著)
  [!!] CH4平均值 vs 有机碳（g/kg): r=0.647, p=0.0037**
  [!!] N2O平均值 vs NaCl(mg/L): r=0.500, p=0.0344*
  [!!] VOCs(ppb) vs O2(%vol): r=-0.577, p=0.0121*
  [!!] VOCs(ppb) vs 电导率(uS/cm): r=-0.506, p=0.0320*
  [!] O2(%vol) vs 铵态氮（mg/L): r=-0.400, p=0.0996(接近显著) (接近显著)
  [!!] O2(%vol) vs 有机碳（g/kg): r=0.481, p=0.0433*
  [!] H2S vs IC(mg/L): r=-0.428, p=0.0763(接近显著) (接近显著)
  [!] H2S vs COD（mg/L): r=-0.441, p=0.0673(接近显著) (接近显著)
  [!!] H2S vs 气温（℃）: r=-0.717, p=0.0299*
  [!] DO(mg/L) vs 电导率(uS/cm): r=0.408, p=0.0931(接近显著) (接近显著)
  [!!] DO(mg/L) vs 无机碳（g/kg): r=-0.487, p=0.0404*
  [!!] DO(mg/L) vs DOC(mg/kg): r=0.600, p=0.0084**
  [!] 液温 vs TC(mg/L): r=-0.439, p=0.0682(接近显著) (接近显著)
  [!] 液温 vs 有机碳（g/kg): r=-0.458, p=0.0560(接近显著) (接近显著)
  [!!] 电导率(uS/cm) vs IC(mg/L): r=0.473, p=0.0475*
  [!] 电导率(uS/cm) vs 铵态氮（mg/L): r=0.419, p=0.0833(接近显著) (接近显著)
  [!] 电导率(uS/cm) vs 气温/℃: r=0.624, p=0.0726(接近显著) (接近显著)
  [!!] IC(mg/L) vs 铵态氮（mg/L): r=0.521, p=0.0267*
  [!] COD（mg/L) vs 总氮（mg/L): r=0.414, p=0.0879(接近显著) (接近显著)
  [!!] COD（mg/L) vs 硝态氮（mg/L): r=-0.492, p=0.0383*
  [!] COD（mg/L) vs 无机碳（g/kg): r=-0.418, p=0.0847(接近显著) (接近显著)
  [!] COD（mg/L) vs 气温/℃: r=-0.664, p=0.0512(接近显著) (接近显著)
  [!!] 总氮（mg/L) vs 气温/℃: r=-0.872, p=0.0022**
  [!!] 总磷（mg/L) vs 固总碳（g/kg): r=0.495, p=0.0369*
  [!!] NaCl(mg/L) vs 无机碳（g/kg): r=-0.494, p=0.0373*
  [!!] 固总碳（g/kg) vs 气温/℃: r=-0.783, p=0.0127*
  [!] 有机碳（g/kg) vs 无机碳（g/kg): r=0.419, p=0.0838(接近显著) (接近显著)
  [!] 有机碳（g/kg) vs 气温（℃）: r=0.631, p=0.0686(接近显著) (接近显著)
  [!!] 无机碳（g/kg) vs DOC(mg/kg): r=-0.474, p=0.0469*

[探索4] 组间差异...
  分组变量: 季节 (2组: ['冬季', '春季'])
  [!] CO2: 冬季(888.27) vs 春季(530.38) * d=1.19
  [!] H2S: 冬季(3.18) vs 春季(1.70) ** d=1.50
  [~] IC(mg/L): 春季(25.93) vs 冬季(17.37) (接近显著) d=0.94
  [!] COD（mg/L): 春季(112.19) vs 冬季(72.98) * d=1.22
  分组变量: 泥水状况 (3组: ['少量泥', '有泥', '无泥'])
  [d] CH4平均值: d=0.83 (大效应量) p=0.7010
  [d] CO2: d=0.89 (大效应量) p=0.3711
  [d] VOCs(ppb): d=1.52 (大效应量) p=0.1092
  [d] DO(mg/L): d=1.17 (大效应量) p=0.4285
  [d] pH: d=0.99 (大效应量) p=0.3728
  [d] 液温: d=1.14 (大效应量) p=0.2146
  [d] 电导率(uS/cm): d=1.43 (大效应量) p=0.1824
  [d] COD（mg/L): d=0.94 (大效应量) p=0.4491
  [~] 硝态氮（mg/L): 少量泥(6.44) vs 无泥(1.80) (接近显著) d=2.15
  [d] NaCl(mg/L): d=0.93 (大效应量) p=0.5294
  [d] 有机碳（g/kg): d=1.21 (大效应量) p=0.1580
  [d] 全磷（g/kg): d=1.73 (大效应量) p=0.1474
  [d] 气温（℃）: d=1.31 (大效应量) p=0.2500
  分组变量: 气温/℃ (9组: [np.float64(19.3), np.float64(20.6), np.float64(18.3), np.float64(20.3), np.float64(22.4), np.float64(24.6), np.float64(25.0), np.float64(25.7), np.float64(24.7)])

[探索9] 相态分层分析...
  [gas] H2S: 冬季(3.18) vs 春季(1.70) p=0.0217*
  [liquid] COD（mg/L): 冬季(72.98) vs 春季(112.19) p=0.0341*

[探索10] 跨相态关联...
  CH4平均值 vs TC(mg/L): r=0.402 p=0.0986(+) n=18
  CH4平均值 vs 总磷（mg/L): r=0.522 p=0.0262* n=18
  CH4平均值 vs 铵态氮（mg/L): r=-0.482 p=0.0427* n=18
  CH4平均值 vs NaCl(mg/L): r=-0.424 p=0.0795(+) n=18
  N2O平均值 vs NaCl(mg/L): r=0.500 p=0.0344* n=18

[探索5] 异常模式...

[探索5b] 异常值故事...
  [!] 管中-进水(冬季): 气温（℃）=9.8 | TOC（mg/L)=72.7(94%分位)

[探索6] 极值分析...

[探索7] 效应量分析...

[探索8] 正态性检验...

共发现 139 个值得关注的模式
  完成 (139 项)

[11/34] 智能分析编排（自动判断该做什么分析）...
============================================================
数据加载中（单文件模式）...
============================================================
  文件: sample_data.xlsx, Sheets: ['冬季', '春季']
  冬季: (9, 28), 春季: (9, 28)

  气相变量(6): ['CH4平均值', 'N2O平均值', 'CO2', 'VOCs(ppb)', 'O2(%vol)', 'H2S']
  液相变量(13): ['DO(mg/L)', 'pH', '液温', '电导率(uS/cm)', 'TOC（mg/L)', 'TC(mg/L)', 'IC(mg/L)', 'COD（mg/L)', '总氮（mg/L)', '总磷（mg/L)', '铵态氮（mg/L)', '硝态氮（mg/L)', 'NaCl(mg/L)']
  固相变量(5): ['固总碳（g/kg)', '有机碳（g/kg)', '无机碳（g/kg)', 'DOC(mg/kg)', '全磷（g/kg)']
  样本数: 18, 季节: {'冬季': 9, '春季': 9}
数据加载完成: 18行 × 29列

======================================================================
  科研数据分析Agent - 开始自动分析
======================================================================

[Step 1] 智能分析决策...
  ✓ 执行 descriptive: 基础分析，所有论文必备
  ✓ 执行 normality: 决定参数/非参数检验选择
  ✓ 执行 group_comparison: 检测到2个季节组(冬季,春季)，需检验差异
  ✓ 执行 correlation: 26个变量，适合做相关性分析
  ✓ 执行 pca: 18个样本×26个变量，适合降维
  ✓ 执行 hca: 18个样本，适合聚类分析
  ✓ 执行 regression: 发现9对有科研意义的变量组合
  ✓ 执行 carbon_balance: 检测到3相碳数据，可做碳平衡分析

[Step 2] 执行统计分析...

============================================================
描述性统计分析
============================================================

总体描述统计:
       CH4平均值  N2O平均值      CO2  VOCs(ppb)  O2(%vol)    H2S  DO(mg/L)     pH     液温  电导率(uS/cm)  TOC（mg/L)  TC(mg/L)  IC(mg/L)  COD（mg/L)  总氮（mg/L)  总磷（mg/L)  铵态氮（mg/L)  硝态氮（mg/L)  NaCl(mg/L)  固总碳（g/kg)  有机碳（g/kg)  无机碳（g/kg)  DOC(mg/kg)  全磷（g/kg)  气温（℃）   气温/℃
count   18.00   18.00    18.00      18.00     18.00  18.00     18.00  18.00  18.00       18.00      18.00     18.00     18.00      18.00     18.00     18.00      18.00      18.00       18.00      18.00      18.00      18.00       18.00     18.00   9.00   9.00
mean     2.05    0.06   709.32      79.87      3.41   2.44      3.43   7.10  16.86      849.06      35.64     59.77     21.65      92.58     22.26      2.74      15.59       5.75      428.67      18.09      13.47       7.57      185.83      1.70   6.73  22.32
std      1.23    0.04   359.91      47.93      2.40   1.26      1.57   0.44   5.12      341.42      19.30     26.12     10.38      38.76     11.20      1.22       6.88       2.54      207.08       6.45       6.16       1.77       67.56      0.68   1.80   2.78
min      0.32    0.01   209.90      12.50      0.73   0.47      0.71   6.52   9.00      322.00      12.80     16.50      5.50      20.10      6.80      0.65       2.10       1.70      137.00       7.10       3.90       3.50       87.00      0.55   4.00  18.30
25%      1.02    0.02   414.45      48.95      1.66   1.66      2.14   6.73  12.80      539.00      17.95     35.32     14.40      61.15     14.72      1.78      12.05       3.25      277.25      14.15       6.80       7.22      130.25      1.16   5.90  20.30
50%      2.14    0.05   708.85      74.55      2.41   2.38      3.46   7.10  17.35      823.50      32.85     66.15     20.30      98.60     17.20      2.54      16.65       5.90      368.50      18.20      14.40       8.30      174.50      1.57   6.30  22.40
75%      2.82    0.09   922.28     114.70      4.71   2.92      4.94   7.52  20.38     1048.00      49.55     78.45     28.32     125.15     32.43      3.61      18.08       7.95      595.25      22.28      19.32       8.70      253.75      2.27   7.10  24.70
max      4.72    0.15  1478.20     189.00      8.98   4.81      5.81   7.95  23.70     1463.00      72.70     98.30     38.20     142.80     41.90      4.99      29.10       9.80      771.00      28.90      19.90       9.70      293.00      2.99   9.80  25.70

============================================================
正态性检验 (Shapiro-Wilk)
============================================================
            变量  样本量    W统计量      p值 正态性
0       CH4平均值   18  0.9558  0.5231   是
1       N2O平均值   18  0.9044  0.0685   是
2          CO2   18  0.9467  0.3758   是
3    VOCs(ppb)   18  0.9592  0.5869   是
4     O2(%vol)   18  0.8830  0.0293   否
5          H2S   18  0.9590  0.5820   是
6     DO(mg/L)   18  0.9455  0.3586   是
7           pH   18  0.9367  0.2547   是
8           液温   18  0.9192  0.1249   是
9   电导率(uS/cm)   18  0.9573  0.5502   是
10   TOC（mg/L)   18  0.9091  0.0830   是
11    TC(mg/L)   18  0.9405  0.2952   是
12    IC(mg/L)   18  0.9416  0.3085   是
13   COD（mg/L)   18  0.9422  0.3162   是
14    总氮（mg/L)   18  0.9055  0.0717   是
15    总磷（mg/L)   18  0.9558  0.5231   是
16   铵态氮（mg/L)   18  0.9429  0.3246   是
17   硝态氮（mg/L)   18  0.9369  0.2565   是
18  NaCl(mg/L)   18  0.9329  0.2180   是
19   固总碳（g/kg)   18  0.9647  0.6938   是
20   有机碳（g/kg)   18  0.8388  0.0057   否
21   无机碳（g/kg)   18  0.8717  0.0190   否
22  DOC(mg/kg)   18  0.9247  0.1565   是
23    全磷（g/kg)   18  0.9635  0.6709   是
24       气温（℃）    9  0.9304  0.4854   是
25        气温/℃    9  0.8998  0.2510   是

============================================================
两组比较分析 (冬季 vs 春季)
============================================================
            变量              方法     冬季_均值    冬季_标准差     春季_均值    春季_标准差      统计量      p值   显著性
0       CH4平均值             t检验    2.2011    1.5050    1.9011    0.9444   0.5065  0.6194  n.s.
1       N2O平均值             t检验    0.0753    0.0535    0.0451    0.0253   1.5262  0.1465  n.s.
2          CO2             t检验  888.2667  372.8774  530.3778  253.3217   2.3818  0.0300     *
3    VOCs(ppb)             t检验   87.7889   59.9053   71.9444   33.9321   0.6904  0.4998  n.s.
4     O2(%vol)  Mann-Whitney U    3.4733    2.0799    3.3422    2.8119  49.0000  0.4799  n.s.
5          H2S             t检验    3.1778    1.1824    1.7033    0.8797   3.0014  0.0085    **
6     DO(mg/L)             t检验    3.5733    1.4922    3.2911    1.7146   0.3725  0.7144  n.s.
7           pH             t检验    7.0756    0.4257    7.1167    0.4801  -0.1922  0.8500  n.s.
8           液温             t检验   18.5667    4.6915   15.1556    5.2118   1.4593  0.1638  n.s.
9   电导率(uS/cm)             t检验  899.8889  351.7956  798.2222  343.7022   0.6201  0.5439  n.s.
10   TOC（mg/L)             t检验   42.1444   20.4666   29.1333   16.6592   1.4791  0.1585  n.s.
11    TC(mg/L)             t检验   64.3778   22.7983   55.1556   29.7014   0.7389  0.4707  n.s.
12    IC(mg/L)             t检验   17.3667    8.1379   25.9333   11.0283  -1.8751  0.0791  n.s.
13   COD（mg/L)             t检验   72.9778   35.1649  112.1889   33.0280  -2.4383  0.0268     *
14    总氮（mg/L)             t检验   19.3667    8.9209   25.1556   12.9655  -1.1035  0.2861  n.s.
15    总磷（mg/L)             t检验    2.7444    1.6110    2.7322    0.7665   0.0206  0.9839  n.s.
16   铵态氮（mg/L)             t检验   14.6333    5.3808   16.5556    8.3407  -0.5810  0.5693  n.s.
17   硝态氮（mg/L)             t检验    5.9556    2.7378    5.5444    2.4825   0.3337  0.7429  n.s.
18  NaCl(mg/L)             t检验  489.3333  216.8894  368.0000  189.2261   1.2646  0.2241  n.s.
19   固总碳（g/kg)             t检验   18.4222    5.5738   17.7556    7.5543   0.2130  0.8340  n.s.
20   有机碳（g/kg)  Mann-Whitney U   13.4333    5.9693   13.5000    6.7119  42.5000  0.8946  n.s.
21   无机碳（g/kg)  Mann-Whitney U    7.5444    2.0839    7.6000    1.5166  45.0000  0.7237  n.s.
22  DOC(mg/kg)             t检验  190.3333   63.8338  181.3333   74.6894   0.2748  0.7870  n.s.
23    全磷（g/kg)             t检验    1.6122    0.7998    1.7789    0.5793  -0.5063  0.6195  n.s.

============================================================
相关性分析 (Pearson)
============================================================

相关系数矩阵 (26x26)
            CH4平均值  N2O平均值   CO2  VOCs(ppb)  O2(%vol)   H2S  DO(mg/L)    pH    液温  电导率(uS/cm)  TOC（mg/L)  TC(mg/L)  IC(mg/L)  COD（mg/L)  总氮（mg/L)  总磷（mg/L)  铵态氮（mg/L)  硝态氮（mg/L)  NaCl(mg/L)  固总碳（g/kg)  有机碳（g/kg)  无机碳（g/kg)  DOC(mg/kg)  全磷（g/kg)  气温（℃）  气温/℃
CH4平均值        1.00   -0.33  0.45      -0.11      0.43  0.09     -0.11  0.37 -0.17        0.03       0.13      0.40     -0.38      -0.27     -0.17      0.52      -0.48      -0.18       -0.42       0.34       0.65       0.26        0.09     -0.02   0.26  0.09
N2O平均值       -0.33    1.00 -0.01       0.03      0.06  0.29     -0.06 -0.04  0.22       -0.16       0.23     -0.27     -0.04       0.19      0.36     -0.18      -0.12      -0.15        0.50      -0.17      -0.25      -0.28       -0.06      0.08  -0.08 -0.51
CO2           0.45   -0.01  1.00      -0.22      0.18  0.35     -0.11  0.28  0.10        0.21       0.14      0.13     -0.12      -0.21     -0.10      0.36      -0.19      -0.30       -0.02       0.30       0.17      -0.05        0.09      0.01   0.20 -0.37
VOCs(ppb)    -0.11    0.03 -0.22       1.00     -0.58 -0.20     -0.19  0.24  0.32       -0.51       0.19      0.11     -0.24      -0.08     -0.37     -0.14       0.26       0.06        0.12      -0.01      -0.15       0.29       -0.27     -0.24  -0.00 -0.05
O2(%vol)      0.43    0.06  0.18      -0.58      1.00  0.21      0.14 -0.23 -0.31        0.21      -0.21     -0.03     -0.15      -0.11      0.21      0.13      -0.40      -0.28       -0.19       0.03       0.48      -0.15        0.39      0.28   0.41  0.13
H2S           0.09    0.29  0.35      -0.20      0.21  1.00     -0.04  0.10  0.36       -0.00       0.12     -0.08     -0.43      -0.44     -0.15     -0.35      -0.36      -0.10        0.03      -0.14      -0.01      -0.08        0.30      0.08  -0.72  0.33
DO(mg/L)     -0.11   -0.06 -0.11      -0.19      0.14 -0.04      1.00 -0.32  0.17        0.41      -0.37     -0.23     -0.02      -0.06     -0.34      0.20       0.17      -0.01        0.27      -0.15       0.02      -0.49        0.60     -0.09  -0.03  0.48
pH            0.37   -0.04  0.28       0.24     -0.23  0.10     -0.32  1.00  0.18       -0.37       0.26     -0.22     -0.26       0.04     -0.25     -0.11      -0.27      -0.28       -0.19       0.04       0.20       0.40       -0.24      0.02   0.07  0.11
液温           -0.17    0.22  0.10       0.32     -0.31  0.36      0.17  0.18  1.00       -0.32      -0.16     -0.44     -0.26       0.16     -0.32     -0.20      -0.03      -0.30        0.14       0.13      -0.46      -0.37        0.20     -0.11  -0.51  0.18
电导率(uS/cm)    0.03   -0.16  0.21      -0.51      0.21 -0.00      0.41 -0.37 -0.32        1.00      -0.19      0.34      0.47      -0.24     -0.23      0.36       0.42       0.34       -0.01      -0.25       0.05      -0.19        0.05     -0.01   0.25  0.62
TOC（mg/L)     0.13    0.23  0.14       0.19     -0.21  0.12     -0.37  0.26 -0.16       -0.19       1.00      0.20     -0.06      -0.25      0.10     -0.07      -0.37       0.35        0.33       0.15       0.22       0.32       -0.20     -0.31   0.30 -0.53
TC(mg/L)      0.40   -0.27  0.13       0.11     -0.03 -0.08     -0.23 -0.22 -0.44        0.34       0.20      1.00      0.08      -0.25     -0.11      0.30      -0.01       0.20       -0.20       0.04       0.33       0.35       -0.37     -0.28   0.47 -0.06
IC(mg/L)     -0.38   -0.04 -0.12      -0.24     -0.15 -0.43     -0.02 -0.26 -0.26        0.47      -0.06      0.08      1.00       0.31      0.15      0.04       0.52       0.17       -0.10      -0.30      -0.23      -0.17       -0.15      0.07   0.50  0.14
COD（mg/L)    -0.27    0.19 -0.21      -0.08     -0.11 -0.44     -0.06  0.04  0.16       -0.24      -0.25     -0.25      0.31       1.00      0.41     -0.02      -0.04      -0.49        0.09       0.26      -0.35      -0.42       -0.24      0.15   0.30 -0.66
总氮（mg/L)     -0.17    0.36 -0.10      -0.37      0.21 -0.15     -0.34 -0.25 -0.32       -0.23       0.10     -0.11      0.15       0.41      1.00     -0.06      -0.21      -0.18        0.01       0.15       0.08      -0.09       -0.29      0.26   0.13 -0.87
总磷（mg/L)      0.52   -0.18  0.36      -0.14      0.13 -0.35      0.20 -0.11 -0.20        0.36      -0.07      0.30      0.04      -0.02     -0.06      1.00       0.14       0.17        0.05       0.49       0.18      -0.24        0.16     -0.22   0.05 -0.27
铵态氮（mg/L)    -0.48   -0.12 -0.19       0.26     -0.40 -0.36      0.17 -0.27 -0.03        0.42      -0.37     -0.01      0.52      -0.04     -0.21      0.14       1.00       0.39        0.02      -0.31      -0.39      -0.13       -0.17      0.04  -0.31  0.33
硝态氮（mg/L)    -0.18   -0.15 -0.30       0.06     -0.28 -0.10     -0.01 -0.28 -0.30        0.34       0.35      0.20      0.17      -0.49     -0.18      0.17       0.39       1.00        0.14      -0.00      -0.14       0.24       -0.03     -0.30  -0.37  0.24
NaCl(mg/L)   -0.42    0.50 -0.02       0.12     -0.19  0.03      0.27 -0.19  0.14       -0.01       0.33     -0.20     -0.10       0.09      0.01      0.05       0.02       0.14        1.00      -0.01      -0.24      -0.49        0.12     -0.30  -0.02 -0.18
固总碳（g/kg)     0.34   -0.17  0.30      -0.01      0.03 -0.14     -0.15  0.04  0.13       -0.25       0.15      0.04     -0.30       0.26      0.15      0.49      -0.31      -0.00       -0.01       1.00      -0.02      -0.07        0.06     -0.28  -0.14 -0.78
有机碳（g/kg)     0.65   -0.25  0.17      -0.15      0.48 -0.01      0.02  0.20 -0.46        0.05       0.22      0.33     -0.23      -0.35      0.08      0.18      -0.39      -0.14       -0.24      -0.02       1.00       0.42       -0.04     -0.24   0.63  0.09
无机碳（g/kg)     0.26   -0.28 -0.05       0.29     -0.15 -0.08     -0.49  0.40 -0.37       -0.19       0.32      0.35     -0.17      -0.42     -0.09     -0.24      -0.13       0.24       -0.49      -0.07       0.42       1.00       -0.47     -0.18   0.22  0.03
DOC(mg/kg)    0.09   -0.06  0.09      -0.27      0.39  0.30      0.60 -0.24  0.20        0.05      -0.20     -0.37     -0.15      -0.24     -0.29      0.16      -0.17      -0.03        0.12       0.06      -0.04      -0.47        1.00      0.05  -0.51  0.28
全磷（g/kg)     -0.02    0.08  0.01      -0.24      0.28  0.08     -0.09  0.02 -0.11       -0.01      -0.31     -0.28      0.07       0.15      0.26     -0.22       0.04      -0.30       -0.30      -0.28      -0.24      -0.18        0.05      1.00   0.00 -0.05
气温（℃）         0.26   -0.08  0.20      -0.00      0.41 -0.72     -0.03  0.07 -0.51        0.25       0.30      0.47      0.50       0.30      0.13      0.05      -0.31      -0.37       -0.02      -0.14       0.63       0.22       -0.51      0.00   1.00   NaN
气温/℃          0.09   -0.51 -0.37      -0.05      0.13  0.33      0.48  0.11  0.18        0.62      -0.53     -0.06      0.14      -0.66     -0.87     -0.27       0.33       0.24       -0.18      -0.78       0.09       0.03        0.28     -0.05    NaN  1.00

============================================================
PCA主成分分析
============================================================
错误: 有效样本不足

============================================================
层次聚类分析 (HCA)
============================================================
错误: 有效样本不足

============================================================
回归分析: TOC（mg/L) -> CH4平均值
============================================================

样本量: 18
斜率: 0.0081
截距: 1.7619
R²: 0.0163
r: 0.1275
p值: 6.1419e-01
显著性: n.s.

============================================================
回归分析: TOC（mg/L) -> CO2
============================================================

样本量: 18
斜率: 2.6431Request failed: <urlopen error [SSL: CERTIFICATE_VERIFY_FAILED] certificate verify failed: unable to get local issuer certificate (_ssl.c:1010)>
Request failed: <urlopen error timed out>
Request failed: <urlopen error [SSL: CERTIFICATE_VERIFY_FAILED] certificate verify failed: unable to get local issuer certificate (_ssl.c:1010)>
429 rate limited, waiting 1.0s (attempt 1)
429 rate limited, waiting 2.0s (attempt 2)
429 rate limited, waiting 4.0s (attempt 3)
Request failed: <urlopen error timed out>
Request failed: <urlopen error timed out>
HTTP 404: https://xs.xasa.top/scholar?q=CH4%E5%B9%B3%E5%9D%87%E5%80%BC%20%E6%80%BB%E7%A3%B7%EF%BC%88mg/L%29%20CH4%E5%B9%B3%E5%9D%87%E5%80%BC%20%E9%93%B5%E6%80%81%E6%B0%AE%EF%BC%88mg/L%29&hl=zh-CN&num=10
��������ʧ��: unsupported format string passed to dict.__format__
Claude CLI timeout after 180s
Claude ���� Conclusion ʧ��

截距: 615.1265
R²: 0.0201
r: 0.1417
p值: 5.7477e-01
显著性: n.s.

============================================================
回归分析: DO(mg/L) -> CH4平均值
============================================================

样本量: 18
斜率: -0.0842
截距: 2.3401
R²: 0.0115
r: -0.1073
p值: 6.7168e-01
显著性: n.s.

============================================================
回归分析: COD（mg/L) -> CH4平均值
============================================================

样本量: 18
斜率: -0.0085
截距: 2.8423
R²: 0.0727
r: -0.2696
p值: 2.7930e-01
显著性: n.s.

============================================================
回归分析: TOC（mg/L) -> 总氮（mg/L)
============================================================

样本量: 18
斜率: 0.0601
截距: 20.1183
R²: 0.0107
r: 0.1036
p值: 6.8241e-01
显著性: n.s.

============================================================
回归分析: 铵态氮（mg/L) -> CH4平均值
============================================================

样本量: 18
斜率: -0.0861
截距: 3.3938
R²: 0.2325
r: -0.4822
p值: 4.2714e-02
显著性: *

============================================================
回归分析: TOC（mg/L) -> IC(mg/L)
============================================================

样本量: 18
斜率: -0.0322
截距: 22.7982
R²: 0.0036
r: -0.0599
p值: 8.1339e-01
显著性: n.s.

============================================================
回归分析: pH -> CH4平均值
============================================================

样本量: 18
斜率: 1.0333
截距: -5.2814
R²: 0.1374
r: 0.3706
p值: 1.3003e-01
显著性: n.s.

============================================================
回归分析: 液温 -> CH4平均值
============================================================

样本量: 18
斜率: -0.0416
截距: 2.7519
R²: 0.0300
r: -0.1732
p值: 4.9181e-01
显著性: n.s.

[Step 3] 生成论文级图表...
[绘图风格] 学术绘图模板已加载
[字体配置] 中文字体: Microsoft YaHei (C:\WINDOWS\Fonts\msyh.ttc)
  警告: 相态数据不足，跳过饼图
  警告: PCA数据不足(需要≥5行)
  警告: HCA有效样本不足
  警告: TOC（mg/L) vs CH4平均值 回归失败: [Errno 2] No such file or directory: 'C:\\Users\\赵华华\\Downloads\\python-sdk-master\\paper_output\\regression_TOC（mg/L)_CH4平均值.png'
  警告: TOC（mg/L) vs CO2 回归失败: [Errno 2] No such file or directory: 'C:\\Users\\赵华华\\Downloads\\python-sdk-master\\paper_output\\regression_TOC（mg/L)_CO2.png'
  警告: DO(mg/L) vs CH4平均值 回归失败: [Errno 2] No such file or directory: 'C:\\Users\\赵华华\\Downloads\\python-sdk-master\\paper_output\\regression_DO(mg/L)_CH4平均值.png'
  警告: COD（mg/L) vs CH4平均值 回归失败: [Errno 2] No such file or directory: 'C:\\Users\\赵华华\\Downloads\\python-sdk-master\\paper_output\\regression_COD（mg/L)_CH4平均值.png'
  警告: TOC（mg/L) vs 总氮（mg/L) 回归失败: [Errno 2] No such file or directory: 'C:\\Users\\赵华华\\Downloads\\python-sdk-master\\paper_output\\regression_TOC（mg/L)_总氮（mg/L).png'
  警告: 铵态氮（mg/L) vs CH4平均值 回归失败: [Errno 2] No such file or directory: 'C:\\Users\\赵华华\\Downloads\\python-sdk-master\\paper_output\\regression_铵态氮（mg/L)_CH4平均值.png'

[Step 4] 自动生成图注...

--- 图注 1 (phase_pie) ---
图X 固液气三相碳污染物组成比例
图中数值表示各相态碳含量占总碳的百分比。碳含量为各采样点的算术平均值。

--- 图注 2 (gas_boxplot) ---
图X 冬春季CH$_4$ (ppm), N$_2$O (ppm), CO$_2$ (ppm), VOCs (ppb)箱线图比较
箱线图展示中位数、四分位距和异常值。星号表示Mann-Whitney U检验显著性：* p<0.05，** p<0.01，*** p<0.001。

--- 图注 3 (liquid_boxplot) ---
图X 冬春季DO (mg/L), pH, 水温 (℃), 电导率 (μS/cm)箱线图比较
箱线图展示中位数、四分位距和异常值。星号表示Mann-Whitney U检验显著性：* p<0.05，** p<0.01，*** p<0.001。

--- 图注 4 (correlation_heatmap) ---
图X Pearson相关性矩阵
颜色深浅表示相关系数大小，红色为正相关，蓝色为负相关。* p<0.05，** p<0.01，*** p<0.001。

--- 图注 5 (pca_biplot) ---
图X 主成分分析(PCA)双标图
PC1和PC2分别解释了0.0%和0.0%的方差。箭头表示变量在主成分空间中的载荷方向和大小。

--- 图注 6 (hca_dendrogram) ---
图X 层次聚类分析(HCA)树状图
采用Ward连接法，距离度量为欧氏距离。截断线位置表示聚类数目。

--- 图注 7 (regression) ---
图X X与Y的线性回归关系
实线为回归拟合线，阴影区域为95%置信区间。R²=0.000，p=1.0000。

[Step 5] 自动生成Results文字...

[Step 6] 识别Discussion要点...

[Step 7] 生成分析报告...

报告已保存: C:\Users\赵华华\Downloads\python-sdk-master\paper_output\analysis_report.md

======================================================================
  分析完成！
  图表输出: C:\Users\赵华华\Downloads\python-sdk-master\paper_output
  报告文件: C:\Users\赵华华\Downloads\python-sdk-master\paper_output\analysis_report.md
======================================================================
  完成

[12/34] 高级多维分析（交叉分析/异常深挖/数据故事线/阈值检测）...
  完成 (4 个条目)

[13/34] 生成论文图表...
[绘图风格] 学术绘图模板已加载
[绘图风格] 学术绘图模板已加载
[字体配置] 中文字体: Microsoft YaHei (C:\WINDOWS\Fonts\msyh.ttc)
  Saved 3 formats @ 1000 DPI (Nature spec)
  Saved 3 formats @ 1000 DPI (Nature spec)
  Saved 3 formats @ 1000 DPI (Nature spec)
  Saved 3 formats @ 1000 DPI (Nature spec)
  Saved 3 formats @ 1000 DPI (Nature spec)
  Saved 3 formats @ 1000 DPI (Nature spec)
  完成 (6 项)

[14/34] 文献深度阅读（读论文→存入知识库）...

[15/34] 写作模式学习（从论文中提取句式/讨论结构/机制） — 跳过 (缺少: ['papers_read'])

[16/34] 方法论学习（从论文中提取实验方法/统计方法/采样方法） — 跳过 (缺少: ['papers_read'])

[17/34] 从文献矩阵召回引用...
  完成 (28 项)

[18/34] 生成并确认写作动机...
  完成

[19/34] 构建动机线索（论文"红线"贯穿）...

[20/34] 写 Results...
  完成 (3862 字)

[21/34] 写 Discussion（带知识库）...
  [DEBUG] Checking pre-built: C:\Users\赵华华\Downloads\python-sdk-master\paper_output\discussion_claude.md exists=True
  [DEBUG] Pre-built length: 1600 chars
  [DEBUG] USING PRE-GENERATED FILE
  完成 (1580 字)

[22/34] 写 Conclusion...
  完成 (227 字)

[23/34] 写 Abstract...
  完成 (763 字)

[24/34] 构建写作推理矩阵（追踪每个写作决策）...
  完成

[25/34] 用文献学到的模式润色各章节 — 跳过 (缺少: ['learned_patterns'])

[26/34] 审稿检查...

============================================================
Academic Review Agent - 论文自动检查
语言: zh | 类型: chinese_journal
检测到5个章节: abstract, introduction, methods, discussion, conclusion
============================================================

  [SCI格式] 通过
  [中文格式] 通过
  [中文核心专项] 发现10个问题
  [错别字] 发现4个问题
  [学术语法] 发现1个问题
  [引文规范] 发现3个问题
  [图表规范] 通过
  [数据逻辑] 通过
  [Discussion逻辑] 发现2个问题
  [AI痕迹] 发现9个问题
  [学术重复] 通过
  [推理链完整性] 发现5个问题
  [逻辑跳跃] 通过
  [引用质量] 通过
  [Nature结构诊断] 发现8个问题
  完成

[27/34] 自动修订...
  完成 (2528 字)

[28/34] 审稿检查...

============================================================
Academic Review Agent - 论文自动检查
语言: zh | 类型: chinese_journal
检测到5个章节: abstract, introduction, methods, discussion, conclusionWriter�Լ췢�� 8 ������:
  - [abstract] ��������: 763�� (Ŀ��: 200-500��)
  - [abstract] ȱ���½ڱ���
  - [results] ��������: 3862�� (Ŀ��: 1000-2000��)
  - [results] ȱ��ͼ�����ã�Results�½�Ӧ����ͼ��
  - [results] ȱ���½ڱ���
  - [discussion] ȱ���½ڱ���
  - [conclusion] ��������: 227�� (Ŀ��: 300-600��)
  - [ȫ��] δ�������ñ�ǣ�ѧ������Ӧ��������

============================================================

  [SCI格式] 通过
  [中文格式] 通过
  [中文核心专项] 发现4个问题
  [错别字] 发现4个问题
  [学术语法] 发现1个问题
  [引文规范] 发现3个问题
  [图表规范] 通过
  [数据逻辑] 通过
  [Discussion逻辑] 发现2个问题
  [AI痕迹] 发现7个问题
  [学术重复] 通过
  [推理链完整性] 发现5个问题
  [逻辑跳跃] 通过
  [引用质量] 通过
  [Nature结构诊断] 发现8个问题
  完成

[29/34] 自动修订...
  完成 (2528 字)

[30/34] 修订后二次审稿（检查修订是否引入新问题）...

============================================================
Academic Review Agent - 论文自动检查
语言: zh | 类型: chinese_journal
检测到5个章节: abstract, introduction, methods, discussion, conclusion
============================================================

  [SCI格式] 通过
  [中文格式] 通过
  [中文核心专项] 发现4个问题
  [错别字] 发现4个问题
  [学术语法] 发现1个问题
  [引文规范] 发现3个问题
  [图表规范] 通过
  [数据逻辑] 通过
  [Discussion逻辑] 发现2个问题
  [AI痕迹] 发现7个问题
  [学术重复] 通过
  [推理链完整性] 发现5个问题
  [逻辑跳跃] 通过
  [引用质量] 通过
  [Nature结构诊断] 发现8个问题
  完成

[31/34] Writer自检（字数/图表引用/统计值/格式检查）...
  完成 (8 项)

[32/34] 构建引用支撑库...
  完成

[33/34] 排版 DOCX...
[DocumentAssembler] 文档已保存: C:\Users\赵华华\Downloads\python-sdk-master\paper_output\paper.docx
  完成 (64 字)

[34/34] 导出 LaTeX 格式论文...
  完成 (3 个条目)

============================================================
  编排完成!
============================================================

[后处理] 输出到桌面...
Traceback (most recent call last):
  File "C:\Users\�Ի���\Downloads\python-sdk-master\test_full_pipeline.py", line 123, in <module>
    shutil.copy2(ctx.docx_path, desktop_docx)
  File "D:\Python312\Lib\shutil.py", line 460, in copy2
    _winapi.CopyFile2(src_, dst_, flags)
FileNotFoundError: [WinError 3] ϵͳ�Ҳ���ָ����·����
